<!DOCTYPE html>
<html prefix="og: http://ogp.me/ns#">
    <head>
    </head>
    <body>
    </body>
</html>