<!DOCTYPE html>
<div>
    <img src="http://cdnd.epi.ninja/sha/img/image.jpeg/c4bfa393f1"></img>
    <img src="http://cdnd.epi.ninja/public/img/image.jpeg"></img>
</div>