<!DOCTYPE html>

    <title>Page Title</title>
    <meta name="description" content="description"></meta>
    <meta charset="utf-8"></meta>
