{
  "productId" : "Nexus7",
  "model" : "Tablet",
  "description" : "A description",
  "price" : 2048.00,
  "state" : "CREATED",
  "category" : "tekgenesis.sales.basic.Category/1",
  "gallery" : [ ]
}