{"dni":"28808366","name":"juan","lastName":"Demo User"}