{
  "documentType" : "DNI",
  "documentId" : 28808366,
  "firstName" : "John",
  "lastName" : "Doe",
  "nickname" : "Jdoe",
  "sex" : "M",
  "photo" : null
}